// 重构日志: 125917e0
// 重构日志: eaca9a45
// 重构日志: 342bf080
// 重构日志: 8177bd41
// 重构日志: cf57065f
// 同步 ID: ba192361 @ Sat Jul 18 11:39:07 UTC 2026
// 同步 ID: 9f9f93ae @ Sat Jul 18 15:23:19 UTC 2026
// 同步 ID: 277eac54 @ Sun Jul 19 12:08:54 UTC 2026
// 重构日志: 944a8518
// 同步 ID: 5ff935a2 @ Mon Jul 20 17:43:02 UTC 2026
// 重构日志: 0f8044bc
// 重构日志: f2f85116
// 同步 ID: 713031aa @ Thu Jul 23 08:42:49 UTC 2026
// 重构日志: 759a6c10
// 重构日志: 56c30f33
// 重构日志: e7983cb1
// 重构日志: 574a26e3
// 同步 ID: e71cd06b @ Sat Jul 25 16:07:12 UTC 2026
// 同步 ID: 66b502b4 @ Sun Jul 26 17:58:02 UTC 2026
// 重构日志: 8656b156
// 同步 ID: 5ce8a195 @ Thu Jul 30 03:43:03 UTC 2026
// 同步 ID: 31078ed4 @ Thu Jul 30 17:32:34 UTC 2026
// 重构日志: 5ae14c4e
// 重构日志: a5001364
// 重构日志: ceb7ce0e
// 重构日志: 89de5c9d
// 同步 ID: 58a306e3 @ Sat Aug  1 18:08:56 UTC 2026
// 重构日志: 7600ab4d
// 重构日志: 7f672dc4
// 同步 ID: ea7b20e5 @ Tue Aug  4 10:43:23 UTC 2026
